D:/Projects/Daneshgar/TouchGFX/Test_Menu/Core/Src/main.c:1437:6:StartDefaultTask	1
D:/Projects/Daneshgar/TouchGFX/Test_Menu/Core/Src/main.c:1318:16:QSPI_WriteEnable.constprop	2
D:/Projects/Daneshgar/TouchGFX/Test_Menu/Core/Src/main.c:255:6:SystemClock_Config	1
D:/Projects/Daneshgar/TouchGFX/Test_Menu/Core/Src/main.c:494:6:MX_I2C4_Init	1
D:/Projects/Daneshgar/TouchGFX/Test_Menu/Core/Src/main.c:147:5:main	30
D:/Projects/Daneshgar/TouchGFX/Test_Menu/Core/Src/main.c:1526:6:HAL_TIM_PeriodElapsedCallback	2
D:/Projects/Daneshgar/TouchGFX/Test_Menu/Core/Src/main.c:1543:6:Error_Handler	1
