../../Middlewares/ST/touchgfx/framework/include/touchgfx/Screen.hpp:104:18:virtual void touchgfx::Screen::afterTransition()	0	static
../../Middlewares/ST/touchgfx/framework/include/touchgfx/Screen.hpp:144:18:virtual void touchgfx::Screen::handleTickEvent()	0	static
../../Middlewares/ST/touchgfx/framework/include/touchgfx/Screen.hpp:154:18:virtual void touchgfx::Screen::handleKeyEvent(uint8_t)	0	static
D:/Projects/Daneshgar/TouchGFX/Test_Menu/TouchGFX/gui/src/blank_screen/BlankView.cpp:13:6:virtual void BlankView::tearDownScreen()	0	static
../../TouchGFX/gui/include/gui/blank_screen/BlankView.hpp:11:13:BlankView::~BlankView()	8	static
../../TouchGFX/gui/include/gui/blank_screen/BlankView.hpp:11:13:virtual BlankView::~BlankView()	8	static
D:/Projects/Daneshgar/TouchGFX/Test_Menu/TouchGFX/gui/src/blank_screen/BlankView.cpp:3:1:BlankView::BlankView()	8	static
D:/Projects/Daneshgar/TouchGFX/Test_Menu/TouchGFX/gui/src/blank_screen/BlankView.cpp:8:6:virtual void BlankView::setupScreen()	0	static
