../../Middlewares/ST/touchgfx/framework/include/touchgfx/Screen.hpp:104:18:virtual void touchgfx::Screen::afterTransition()	0	static
../../Middlewares/ST/touchgfx/framework/include/touchgfx/Screen.hpp:154:18:virtual void touchgfx::Screen::handleKeyEvent(uint8_t)	0	static
D:/Projects/Daneshgar/TouchGFX/Test_Menu/TouchGFX/gui/src/logo_screen_screen/Logo_ScreenView.cpp:14:6:virtual void Logo_ScreenView::tearDownScreen()	0	static
../../TouchGFX/gui/include/gui/logo_screen_screen/Logo_ScreenView.hpp:11:13:Logo_ScreenView::~Logo_ScreenView()	8	static
../../TouchGFX/gui/include/gui/logo_screen_screen/Logo_ScreenView.hpp:11:13:virtual Logo_ScreenView::~Logo_ScreenView()	8	static
D:/Projects/Daneshgar/TouchGFX/Test_Menu/TouchGFX/gui/src/logo_screen_screen/Logo_ScreenView.cpp:4:1:Logo_ScreenView::Logo_ScreenView()	8	static
D:/Projects/Daneshgar/TouchGFX/Test_Menu/TouchGFX/gui/src/logo_screen_screen/Logo_ScreenView.cpp:9:6:virtual void Logo_ScreenView::setupScreen()	0	static
